../Core/Src/main.c:138:6:HAL_ADC_ConvCpltCallback	24	static
../Core/Src/main.c:154:5:main	8	static
../Core/Src/main.c:228:6:SystemClock_Config	88	static
../Core/Src/main.c:275:13:MX_ADC1_Init	24	static
../Core/Src/main.c:346:13:MX_I2C1_Init	8	static
../Core/Src/main.c:380:13:MX_TIM2_Init	32	static
../Core/Src/main.c:425:13:MX_TIM3_Init	32	static
../Core/Src/main.c:470:13:MX_USART2_UART_Init	8	static
../Core/Src/main.c:501:13:MX_DMA_Init	16	static
../Core/Src/main.c:519:13:MX_GPIO_Init	48	static
../Core/Src/main.c:562:6:HAL_TIM_PeriodElapsedCallback	16	static
../Core/Src/main.c:596:6:HAL_GPIO_EXTI_Callback	16	static
../Core/Src/main.c:607:6:initialise_game	16	static
../Core/Src/main.c:648:6:render_frame	24	static
../Core/Src/main.c:682:6:game_main	8	static
../Core/Src/main.c:690:6:update_paddle	4	static
../Core/Src/main.c:702:6:update_ball	16	static
../Core/Src/main.c:772:6:user_input_joystick	8	static
../Core/Src/main.c:810:6:user_input_pushbutton	8	static
../Core/Src/main.c:844:8:random_initial_speed	16	static
../Core/Src/main.c:854:8:random_initial_pos	16	static
../Core/Src/main.c:867:6:calculate_blocks	16	static
../Core/Src/main.c:888:6:path_change_joystick	4	static
../Core/Src/main.c:897:6:auto_play	8	static
../Core/Src/main.c:920:6:Error_Handler	4	static,ignoring_inline_asm
